[0m10:18:37.790577 [debug] [MainThread]: Sending event: {'category': 'dbt', 'action': 'invocation', 'label': 'start', 'context': [<snowplow_tracker.self_describing_json.SelfDescribingJson object at 0x1050a1d30>, <snowplow_tracker.self_describing_json.SelfDescribingJson object at 0x11031b750>, <snowplow_tracker.self_describing_json.SelfDescribingJson object at 0x11031b890>]}


============================== 10:18:37.795631 | f85ac9b9-d1b3-4af6-af9e-c95b113a0aae ==============================
[0m10:18:37.795631 [info ] [MainThread]: Running with dbt=1.11.11
[0m10:18:37.796130 [debug] [MainThread]: running dbt with arguments {'warn_error': 'None', 'use_colors': 'True', 'partial_parse': 'True', 'use_experimental_parser': 'False', 'log_path': 'logs', 'log_format': 'default', 'log_cache_events': 'False', 'profiles_dir': '/Users/praneelt/.dbt', 'send_anonymous_usage_stats': 'True', 'warn_error_options': 'WarnErrorOptionsV2(error=[], warn=[], silence=[])', 'cache_selected_only': 'False', 'debug': 'False', 'no_print': 'None', 'invocation_command': 'dbt init weather_markets --skip-profile-setup', 'introspect': 'True', 'static_parser': 'True', 'empty': 'None', 'write_json': 'True', 'fail_fast': 'False', 'version_check': 'True', 'printer_width': '80', 'indirect_selection': 'eager', 'target_path': 'None', 'quiet': 'False'}
[0m10:18:37.807703 [info ] [MainThread]: Creating dbt configuration folder at /Users/praneelt/.dbt
[0m10:18:37.808981 [debug] [MainThread]: Starter project path: /opt/anaconda3/lib/python3.13/site-packages/dbt/include/starter_project
[0m10:18:37.815186 [info ] [MainThread]: 
Your new dbt project "weather_markets" was created!

For more information on how to configure the profiles.yml file,
please consult the dbt documentation here:

  https://docs.getdbt.com/docs/configure-your-profile

One more thing:

Need help? Don't hesitate to reach out to us via GitHub issues or on Slack:

  https://community.getdbt.com/

Happy modeling!

[0m10:18:37.825874 [debug] [MainThread]: Resource report: {"command_name": "init", "command_success": true, "command_wall_clock_time": 0.12225392, "process_in_blocks": "0", "process_kernel_time": 0.285053, "process_mem_max_rss": "136593408", "process_out_blocks": "0", "process_user_time": 1.850203}
[0m10:18:37.826297 [debug] [MainThread]: Command `dbt init` succeeded at 10:18:37.826216 after 0.12 seconds
[0m10:18:37.826568 [debug] [MainThread]: Sending event: {'category': 'dbt', 'action': 'invocation', 'label': 'end', 'context': [<snowplow_tracker.self_describing_json.SelfDescribingJson object at 0x1103222c0>, <snowplow_tracker.self_describing_json.SelfDescribingJson object at 0x1103e4830>, <snowplow_tracker.self_describing_json.SelfDescribingJson object at 0x110374380>]}
[0m10:18:37.826836 [debug] [MainThread]: Flushing usage events
[0m10:18:37.939148 [debug] [MainThread]: An error was encountered while trying to flush usage events
